
> qunarly-backend@0.1.0 start:dev
> nest start --watch

[2J[3J[H[[90m6:03:52 PM[0m] Starting compilation in watch mode...

[96msrc/market/market.service.ts[0m:[93m151[0m:[93m78[0m - [91merror[0m[90m TS2322: [0mType '{ status?: ProductListingStatus | undefined; title?: string | undefined; description?: string | undefined; category?: string | undefined; quantity?: number | undefined; ... 7 more ...; images?: string[] | undefined; }' is not assignable to type '(Without<ProductListingUpdateInput, ProductListingUncheckedUpdateInput> & ProductListingUncheckedUpdateInput) | (Without<...> & ProductListingUpdateInput)'.
  Type '{ status?: ProductListingStatus | undefined; title?: string | undefined; description?: string | undefined; category?: string | undefined; quantity?: number | undefined; ... 7 more ...; images?: string[] | undefined; }' is not assignable to type 'Without<ProductListingUncheckedUpdateInput, ProductListingUpdateInput> & ProductListingUpdateInput'.
    Types of property 'images' are incompatible.
      Type 'string[] | undefined' is not assignable to type 'ListingImageUpdateManyWithoutListingNestedInput | undefined'.
        Type 'string[]' has no properties in common with type 'ListingImageUpdateManyWithoutListingNestedInput'.

[7m151[0m     const updated = await this.prisma.productListing.update({ where: { id }, data });
[7m   [0m [91m                                                                             ~~~~[0m

  [96mnode_modules/.prisma/client/index.d.ts[0m:[93m8868[0m:[93m5[0m
    [7m8868[0m     data: XOR<ProductListingUpdateInput, ProductListingUncheckedUpdateInput>
    [7m    [0m [96m    ~~~~[0m
    The expected type comes from property 'data' which is declared here on type '{ select?: ProductListingSelect<DefaultArgs> | null | undefined; include?: ProductListingInclude<DefaultArgs> | null | undefined; data: (Without<...> & ProductListingUncheckedUpdateInput) | (Without<...> & ProductListingUpdateInput); where: ProductListingWhereUniqueInput; }'

[[90m6:03:53 PM[0m] Found 1 error. Watching for file changes.

[2J[3J[H[[90m6:03:54 PM[0m] File change detected. Starting incremental compilation...

[96msrc/market/market.service.ts[0m:[93m151[0m:[93m78[0m - [91merror[0m[90m TS2322: [0mType '{ status?: ProductListingStatus | undefined; title?: string | undefined; description?: string | undefined; category?: string | undefined; quantity?: number | undefined; ... 7 more ...; images?: string[] | undefined; }' is not assignable to type '(Without<ProductListingUpdateInput, ProductListingUncheckedUpdateInput> & ProductListingUncheckedUpdateInput) | (Without<...> & ProductListingUpdateInput)'.
  Type '{ status?: ProductListingStatus | undefined; title?: string | undefined; description?: string | undefined; category?: string | undefined; quantity?: number | undefined; ... 7 more ...; images?: string[] | undefined; }' is not assignable to type 'Without<ProductListingUncheckedUpdateInput, ProductListingUpdateInput> & ProductListingUpdateInput'.
    Types of property 'images' are incompatible.
      Type 'string[] | undefined' is not assignable to type 'ListingImageUpdateManyWithoutListingNestedInput | undefined'.
        Type 'string[]' has no properties in common with type 'ListingImageUpdateManyWithoutListingNestedInput'.

[7m151[0m     const updated = await this.prisma.productListing.update({ where: { id }, data });
[7m   [0m [91m                                                                             ~~~~[0m

  [96mnode_modules/.prisma/client/index.d.ts[0m:[93m8868[0m:[93m5[0m
    [7m8868[0m     data: XOR<ProductListingUpdateInput, ProductListingUncheckedUpdateInput>
    [7m    [0m [96m    ~~~~[0m
    The expected type comes from property 'data' which is declared here on type '{ select?: ProductListingSelect<DefaultArgs> | null | undefined; include?: ProductListingInclude<DefaultArgs> | null | undefined; data: (Without<...> & ProductListingUncheckedUpdateInput) | (Without<...> & ProductListingUpdateInput); where: ProductListingWhereUniqueInput; }'

[[90m6:03:54 PM[0m] Found 1 error. Watching for file changes.

[2J[3J[H[[90m6:04:09 PM[0m] File change detected. Starting incremental compilation...

[[90m6:04:10 PM[0m] Found 0 errors. Watching for file changes.

(node:82157) [DEP0190] DeprecationWarning: Passing args to a child process with shell option true can lead to security vulnerabilities, as the arguments are not escaped, only concatenated.
(Use `node --trace-deprecation ...` to show where the warning was created)
Schema Env Error: Error: EPERM: operation not permitted, open '/Users/ulagatsametai/Documents/qunarly-backend/.env'
[Nest] 82275  - 01/20/2026, 6:04:11 PM     LOG [NestFactory] Starting Nest application...
[Nest] 82275  - 01/20/2026, 6:04:11 PM   ERROR [ExceptionHandler] EPERM: operation not permitted, open '/Users/ulagatsametai/Documents/qunarly-backend/.env'
Error: EPERM: operation not permitted, open '/Users/ulagatsametai/Documents/qunarly-backend/.env'
    at Object.openSync (node:fs:559:18)
    at Object.readFileSync (node:fs:443:35)
    at ConfigModule.loadEnvFile (/Users/ulagatsametai/Documents/qunarly-backend/node_modules/@nestjs/config/dist/config.module.js:172:56)
    at ConfigModule.forRoot (/Users/ulagatsametai/Documents/qunarly-backend/node_modules/@nestjs/config/dist/config.module.js:70:20)
    at Object.<anonymous> (/Users/ulagatsametai/Documents/qunarly-backend/src/app.module.ts:20:18)
    at Module._compile (node:internal/modules/cjs/loader:1761:14)
    at Object..js (node:internal/modules/cjs/loader:1893:10)
    at Module.load (node:internal/modules/cjs/loader:1481:32)
    at Module._load (node:internal/modules/cjs/loader:1300:12)
    at TracingChannel.traceSync (node:diagnostics_channel:328:14)
